
R&S2@DESKTOP-Q4UP7K0 MINGW64 ~
$ pwd
/c/Users/R&S2

R&S2@DESKTOP-Q4UP7K0 MINGW64 ~
$ ls
 AndroidStudioProjects/   Documents/               Music/            NTUSER.DAT{77a2c7ed-26f0-11e5-80da-e41d2d741090}.TM.blf
 AppData/                 Downloads/              'My Documents'@    NTUSER.DAT{77a2c7ed-26f0-11e5-80da-e41d2d741090}.TMContainer00000
'Application Data'@       Favorites/               NetHood@          NTUSER.DAT{77a2c7ed-26f0-11e5-80da-e41d2d741090}.TMContainer00000
 Contacts/                IntelGraphicsProfiles/   NTUSER.DAT        ntuser.ini
 Cookies@                 Links/                   ntuser.dat.LOG1   OneDrive/
 Desktop/                'Local Settings'@         ntuser.dat.LOG2   Pictures/

R&S2@DESKTOP-Q4UP7K0 MINGW64 ~
$ help cd
cd: cd [-L|[-P [-e]] [-@]] [dir]
    Change the shell working directory.

    Change the current directory to DIR.  The default DIR is the value of the
    HOME shell variable.

    The variable CDPATH defines the search path for the directory containing
    DIR.  Alternative directory names in CDPATH are separated by a colon (:).
    A null directory name is the same as the current directory.  If DIR begins
    with a slash (/), then CDPATH is not used.

    If the directory is not found, and the shell option `cdable_vars' is set,
    the word is assumed to be  a variable name.  If that variable has a value,
    its value is used for DIR.

    Options:
      -L        force symbolic links to be followed: resolve symbolic
                links in DIR after processing instances of `..'
      -P        use the physical directory structure without following
                symbolic links: resolve symbolic links in DIR before
                processing instances of `..'
      -e        if the -P option is supplied, and the current working
                directory cannot be determined successfully, exit with
                a non-zero status
      -@        on systems that support it, present a file with extended
                attributes as a directory containing the file attributes

    The default is to follow symbolic links, as if `-L' were specified.
    `..' is processed by removing the immediately previous pathname component
    back to a slash or the beginning of DIR.

    Exit Status:
    Returns 0 if the directory is changed, and if $PWD is set successfully when
    -P is used; non-zero otherwise.

R&S2@DESKTOP-Q4UP7K0 MINGW64 ~
$ cd ..

R&S2@DESKTOP-Q4UP7K0 MINGW64 /c/Users
$ cd -
/c/Users/R&S2

R&S2@DESKTOP-Q4UP7K0 MINGW64 ~
$ cd ../..

R&S2@DESKTOP-Q4UP7K0 MINGW64 /c
$

R&S2@DESKTOP-Q4UP7K0 MINGW64 /c
$ pwd
/c

R&S2@DESKTOP-Q4UP7K0 MINGW64 /c
$ cd saru
bash: cd: saru: No such file or directory

R&S2@DESKTOP-Q4UP7K0 MINGW64 /c
$ cd desktop
bash: cd: desktop: No such file or directory

R&S2@DESKTOP-Q4UP7K0 MINGW64 /c
$ mkdir apssdc
mkdir: cannot create directory ‘apssdc’: File exists

R&S2@DESKTOP-Q4UP7K0 MINGW64 /c
$

R&S2@DESKTOP-Q4UP7K0 MINGW64 /c
$ pwd
/c

R&S2@DESKTOP-Q4UP7K0 MINGW64 /c
$ mkdir apssdc
mkdir: cannot create directory ‘apssdc’: File exists

R&S2@DESKTOP-Q4UP7K0 MINGW64 /c
$ ls
'$Recycle.Bin'/   bootmgr      'Documents and Settings'@   Intel/        'Program Files'/         Recovery/   swapfile.sys
'$WINDOWS.~BT'/   BOOTNXT       Google/                    pagefile.sys  'Program Files (x86)'/   Sarala/    'System Volume Informatio
 Apssdc/          Config.Msi/   hiberfil.sys               PerfLogs/      ProgramData/            search/     techniques/

R&S2@DESKTOP-Q4UP7K0 MINGW64 /c
$ mkdir apssdc
mkdir: cannot create directory ‘apssdc’: File exists

R&S2@DESKTOP-Q4UP7K0 MINGW64 /c
$ cd jessi
bash: cd: jessi: No such file or directory

R&S2@DESKTOP-Q4UP7K0 MINGW64 /c
$ cd desktop
bash: cd: desktop: No such file or directory

R&S2@DESKTOP-Q4UP7K0 MINGW64 /c
$

R&S2@DESKTOP-Q4UP7K0 MINGW64 /c
$ pwd
/c

R&S2@DESKTOP-Q4UP7K0 MINGW64 /c
$ cd ..

R&S2@DESKTOP-Q4UP7K0 MINGW64 /
$ cd jessi
bash: cd: jessi: No such file or directory

R&S2@DESKTOP-Q4UP7K0 MINGW64 /
$ mkdir apssdc
mkdir: cannot create directory ‘apssdc’: Permission denied

R&S2@DESKTOP-Q4UP7K0 MINGW64 /
$






















R&S2@DESKTOP-Q4UP7K0 MINGW64 /
$ pwd
/

R&S2@DESKTOP-Q4UP7K0 MINGW64 /
$ cd ..

R&S2@DESKTOP-Q4UP7K0 MINGW64 /
$ cd

R&S2@DESKTOP-Q4UP7K0 MINGW64 ~
$ cd desktop

R&S2@DESKTOP-Q4UP7K0 MINGW64 ~/desktop
$ mkdir jessi

R&S2@DESKTOP-Q4UP7K0 MINGW64 ~/desktop
$ ls
 desktop.ini  'Git-2.23.0-64-bit (1).exe'*  'Google Chrome.lnk'*  'googlr search techniques'/   jessi/   saru/

R&S2@DESKTOP-Q4UP7K0 MINGW64 ~/desktop
$ cd jessi

R&S2@DESKTOP-Q4UP7K0 MINGW64 ~/desktop/jessi
$ mkdir 1

R&S2@DESKTOP-Q4UP7K0 MINGW64 ~/desktop/jessi
$ mkdir 2

R&S2@DESKTOP-Q4UP7K0 MINGW64 ~/desktop/jessi
$ mkdir apssdc

R&S2@DESKTOP-Q4UP7K0 MINGW64 ~/desktop/jessi
$ cd apssdc

R&S2@DESKTOP-Q4UP7K0 MINGW64 ~/desktop/jessi/apssdc
$ touch sample .txt

R&S2@DESKTOP-Q4UP7K0 MINGW64 ~/desktop/jessi/apssdc
$ ls
sample

R&S2@DESKTOP-Q4UP7K0 MINGW64 ~/desktop/jessi/apssdc
$ echo python
python

R&S2@DESKTOP-Q4UP7K0 MINGW64 ~/desktop/jessi/apssdc
$ echo "hello"
hello

R&S2@DESKTOP-Q4UP7K0 MINGW64 ~/desktop/jessi/apssdc
$ touch sample1.txt

R&S2@DESKTOP-Q4UP7K0 MINGW64 ~/desktop/jessi/apssdc
$ nano sample.txt

R&S2@DESKTOP-Q4UP7K0 MINGW64 ~/desktop/jessi/apssdc
$

R&S2@DESKTOP-Q4UP7K0 MINGW64 ~/desktop/jessi/apssdc
$ cat sample2.txt
cat: sample2.txt: No such file or directory

R&S2@DESKTOP-Q4UP7K0 MINGW64 ~/desktop/jessi/apssdc
$ cat sample.txt
cat: sample.txt: No such file or directory

R&S2@DESKTOP-Q4UP7K0 MINGW64 ~/desktop/jessi/apssdc
$ touch sample1.txt

R&S2@DESKTOP-Q4UP7K0 MINGW64 ~/desktop/jessi/apssdc
$ ls
sample  sample1.txt

R&S2@DESKTOP-Q4UP7K0 MINGW64 ~/desktop/jessi/apssdc
$ cp sample.txt sample1.txt
cp: cannot stat 'sample.txt': No such file or directory

R&S2@DESKTOP-Q4UP7K0 MINGW64 ~/desktop/jessi/apssdc
$ cp sample1.txt sample2.txt

R&S2@DESKTOP-Q4UP7K0 MINGW64 ~/desktop/jessi/apssdc
$ cat sample2.txt

R&S2@DESKTOP-Q4UP7K0 MINGW64 ~/desktop/jessi/apssdc
$ cd ..

R&S2@DESKTOP-Q4UP7K0 MINGW64 ~/desktop/jessi
$ mv apssdc D

R&S2@DESKTOP-Q4UP7K0 MINGW64 ~/desktop/jessi
$ LS
1  2  D

R&S2@DESKTOP-Q4UP7K0 MINGW64 ~/desktop/jessi
$
